// Jest Snapshot v1, https://goo.gl/fbAQLP

exports[`App component renders App 1`] = `
<DocumentFragment>
  <nav
    class="navContainer"
  >
    <div
      class="logo"
    >
      <a
        aria-current="page"
        class="active"
        href="/"
      >
        Pool Party
      </a>
    </div>
    <ul
      class="navMenu"
    >
      <li
        class="navItem"
      >
        <a
          href="/aboutUs"
        >
          About Us
        </a>
      </li>
      <li
        class="navItem"
      >
        <a
          href="/tenantSignup"
        >
          Sign Up
        </a>
      </li>
      <li
        class="navItem"
      >
        <a
          href="/login"
        >
          Login
        </a>
      </li>
    </ul>
  </nav>
  <div
    class="homeContainer"
    style="background-image: url(/path/image); background-size: cover; background-repeat: no-repeat; height: 100vh;"
  >
    <div
      class="HomeItems"
    >
      <h1>
        Pineapples
      </h1>
      <p>
        They are good
      </p>
    </div>
  </div>
  <div>
    <nav
      class="footerContainer"
    >
      <ul
        class="footerMenu"
      >
        <li
          class="footerItem"
        >
          <a
            aria-current="page"
            class="link active"
            href="/"
          >
            Privacy Policy
          </a>
        </li>
        <li
          class="footerItem"
        >
          <a
            aria-current="page"
            class="link active"
            href="/"
          >
            Terms & Conditions
          </a>
        </li>
        <li
          class="footerItem"
        >
          <a
            class="link"
            href="/aboutUs"
          >
            About Us
          </a>
        </li>
        <li
          class="footerItem"
        >
          <a
            class="link"
            href="/tenantSignup"
          >
            Sign Up
          </a>
        </li>
        <li
          class="footerItem"
        >
          © POOLPARTY 2021
        </li>
      </ul>
    </nav>
  </div>
</DocumentFragment>
`;
