// Jest Snapshot v1, https://goo.gl/fbAQLP

exports[`App component renders App 1`] = `
<DocumentFragment>
  <nav
    class="navContainer"
  >
    <div
      class="logo"
    >
      <a
        aria-current="page"
        class="active"
        href="/"
      >
        Pool Party
      </a>
    </div>
    <ul
      class="navMenu"
    >
      <li
        class="navItem"
      >
        <a
          href="/aboutUs"
        >
          About Us
        </a>
      </li>
      <li
        class="navItem"
      >
        <a
          href="/tenantSignup"
        >
          Sign Up
        </a>
      </li>
      <li
        class="navItem"
      >
        <a
          aria-current="page"
          class="active"
          href="/"
        >
          Login
        </a>
      </li>
    </ul>
  </nav>
  <div>
    <div>
      <img
        src="/path/image"
      />
    </div>
    <div>
      <form
        class="loginForm"
      >
        <label>
          Email
        </label>
        <input
          placeholder="Enter email as username"
          required=""
          type="plain/text"
          value=""
        />
        <label>
          Password
        </label>
        <input
          placeholder="Type Password"
          required=""
          type="password"
          value=""
        />
        <button>
          Log In
        </button>
      </form>
    </div>
    <a
      href="/tenantSignUp"
    >
      Need to signup? Click here.
    </a>
  </div>
</DocumentFragment>
`;
